// Jest Snapshot v1, https://goo.gl/fbAQLP

exports[`loadHtmlTemplate test 1`] = `"<p id="test__paragraph">This is a <a id="test__anchor" href="/test">test template</a>.</p>"`;
